components/admin-appointment-manager.tsx(63,77): error TS2339: Property 'guestName' does not exist on type '{ id: string; createdAt: Date; updatedAt: Date; userId: string; serviceId: string; barbershopId: string; status: string; startTime: Date; endTime: Date; }'.
components/admin-appointment-manager.tsx(74,42): error TS2339: Property 'email' does not exist on type '{ id: string; createdAt: Date; updatedAt: Date; userId: string; serviceId: string; barbershopId: string; status: string; startTime: Date; endTime: Date; }'.
components/admin-appointment-manager.tsx(74,108): error TS2339: Property 'email' does not exist on type '{ id: string; createdAt: Date; updatedAt: Date; userId: string; serviceId: string; barbershopId: string; status: string; startTime: Date; endTime: Date; }'.
components/admin-appointment-manager.tsx(110,71): error TS2339: Property 'guestName' does not exist on type '{ id: string; createdAt: Date; updatedAt: Date; userId: string; serviceId: string; barbershopId: string; status: string; startTime: Date; endTime: Date; }'.
